[    0.000000] Initializing cgroup subsys cpuset
[    0.000000] Initializing cgroup subsys cpu
[    0.000000] Initializing cgroup subsys cpuacct
[    0.000000] Linux version 4.4.0-124-generic (buildd@lcy01-amd64-028) (gcc version 5.4.0 20160609 (Ubuntu 5.4.0-6ubuntu1~16.04.9) ) #148-Ubuntu SMP Wed May 2 13:00:18 UTC 2018 (Ubuntu 4.4.0-124.148-generic 4.4.117)
[    0.000000] Command line: BOOT_IMAGE=/boot/vmlinuz-4.4.0-124-generic root=LABEL=cloudimg-rootfs ro console=tty1 console=ttyS0
[    0.000000] KERNEL supported cpus:
[    0.000000]   Intel GenuineIntel
[    0.000000]   AMD AuthenticAMD
[    0.000000]   Centaur CentaurHauls
[    0.000000] x86/fpu: xstate_offset[2]:  576, xstate_sizes[2]:  256
[    0.000000] x86/fpu: Supporting XSAVE feature 0x01: 'x87 floating point registers'
[    0.000000] x86/fpu: Supporting XSAVE feature 0x02: 'SSE registers'
[    0.000000] x86/fpu: Supporting XSAVE feature 0x04: 'AVX registers'
[    0.000000] x86/fpu: Enabled xstate features 0x7, context size is 832 bytes, using 'standard' format.
[    0.000000] x86/fpu: Using 'lazy' FPU context switches.
[    0.000000] e820: BIOS-provided physical RAM map:
[    0.000000] BIOS-e820: [mem 0x0000000000000000-0x000000000009fbff] usable
[    0.000000] BIOS-e820: [mem 0x000000000009fc00-0x000000000009ffff] reserved
[    0.000000] BIOS-e820: [mem 0x00000000000f0000-0x00000000000fffff] reserved
[    0.000000] BIOS-e820: [mem 0x0000000000100000-0x000000003ffeffff] usable
[    0.000000] BIOS-e820: [mem 0x000000003fff0000-0x000000003fffffff] ACPI data
[    0.000000] BIOS-e820: [mem 0x00000000fec00000-0x00000000fec00fff] reserved
[    0.000000] BIOS-e820: [mem 0x00000000fee00000-0x00000000fee00fff] reserved
[    0.000000] BIOS-e820: [mem 0x00000000fffc0000-0x00000000ffffffff] reserved
[    0.000000] NX (Execute Disable) protection: active
[   0.000000] SMBIOS 2.5 present.
[    0.000000] Hypervisor detected: KVM
[    0.000000] e820: last_pfn = 0x3fff0 max_arch_pfn = 0x400000000
[    0.000000] MTRR: Disabled
[    0.000000] x86/PAT: MTRRs disabled, skipping PAT initialization too.
[    0.000000] CPU MTRRs all blank - virtualized system.
[    0.000000] x86/PAT: Configuration [0-7]: WB  WT  UC- UC  WB  WT  UC- UC  
[    0.000000] found SMP MP-table at [mem 0x0009fff0-0x0009ffff] mapped at [ffff88000009fff0]
[    0.000000] Scanning 1 areas for low memory corruption
[    0.000000] RAMDISK: [mem 0x36aa0000-0x37547fff]
[    0.000000] ACPI: Early table checksum verification disabled
[    0.000000] ACPI: RSDP 0x00000000000E0000 000024 (v02 VBOX  )
[    0.000000] ACPI: XSDT 0x000000003FFF0030 00003C (v01 VBOX   VBOXXSDT 00000001 ASL  00000061)
[    0.000000] ACPI: FACP 0x000000003FFF00F0 0000F4 (v04 VBOX   VBOXFACP 00000001 ASL  00000061)
[    0.000000] ACPI: DSDT 0x000000003FFF0470 0021FF (v02 VBOX   VBOXBIOS 00000002 INTL 20160108)
[    0.000000] ACPI: FACS 0x000000003FFF0200 000040
[    0.000000] ACPI: FACS 0x000000003FFF0200 000040
[    0.000000] ACPI: APIC 0x000000003FFF0240 00005C (v02 VBOX   VBOXAPIC 00000001 ASL  00000061)
[    0.000000] ACPI: SSDT 0x000000003FFF02A0 0001CC (v01 VBOX   VBOXCPUT 00000002 INTL 20160108)
[    0.000000] No NUMA configuration found
[    0.000000] Faking a node at [mem 0x0000000000000000-0x000000003ffeffff]
[    0.000000] NODE_DATA(0) allocated [mem 0x3ffeb000-0x3ffeffff]
[    0.000000] kvm-clock: Using msrs 4b564d01 and 4b564d00
[    0.000000] kvm-clock: cpu 0, msr 0:3ffe3001, primary cpu clock
[    0.000000] kvm-clock: using sched offset of 3404273980 cycles
[    0.000000] clocksource: kvm-clock: mask: 0xffffffffffffffff max_cycles: 0x1cd42e4dffb, max_idle_ns: 881590591483 ns
[    0.000000] Zone ranges:
[    0.000000]   DMA      [mem 0x0000000000001000-0x0000000000ffffff]
[    0.000000]   DMA32    [mem 0x0000000001000000-0x000000003ffeffff]
[    0.000000]   Normal   empty
[    0.000000]   Device   empty
[    0.000000] Movable zone start for each node
[    0.000000] Early memory node ranges
[    0.000000]   node   0: [mem 0x0000000000001000-0x000000000009efff]
[    0.000000]   node   0: [mem 0x0000000000100000-0x000000003ffeffff]
[    0.000000] Initmem setup node 0 [mem 0x0000000000001000-0x000000003ffeffff]
[    0.000000] ACPI: PM-Timer IO Port: 0x4008
[    0.000000] IOAPIC[0]: apic_id 2, version 32, address 0xfec00000, GSI 0-23
[    0.000000] ACPI: INT_SRC_OVR (bus 0 bus_irq 0 global_irq 2 dfl dfl)
[    0.000000] ACPI: INT_SRC_OVR (bus 0 bus_irq 9 global_irq 9 high level)
[    0.000000] Using ACPI (MADT) for SMP configuration information
[    0.000000] smpboot: Allowing 2 CPUs, 0 hotplug CPUs
[    0.000000] PM: Registered nosave memory: [mem 0x00000000-0x00000fff]
[    0.000000] PM: Registered nosave memory: [mem 0x0009f000-0x0009ffff]
[    0.000000] PM: Registered nosave memory: [mem 0x000a0000-0x000effff]
[    0.000000] PM: Registered nosave memory: [mem 0x000f0000-0x000fffff]
[    0.000000] e820: [mem 0x40000000-0xfebfffff] available for PCI devices
[    0.000000] Booting paravirtualized kernel on KVM
[    0.000000] clocksource: refined-jiffies: mask: 0xffffffff max_cycles: 0xffffffff, max_idle_ns: 7645519600211568 ns
[    0.000000] setup_percpu: NR_CPUS:512 nr_cpumask_bits:512 nr_cpu_ids:2 nr_node_ids:1
[    0.000000] PERCPU: Embedded 34 pages/cpu @ffff88003fc00000 s99544 r8192 d31528 u1048576
[    0.000000] PV qspinlock hash table entries: 256 (order: 0, 4096 bytes)
[    0.000000] Built 1 zonelists in Node order, mobility grouping on.  Total pages: 257912
[    0.000000] Policy zone: DMA32
[    0.000000] Kernel command line: BOOT_IMAGE=/boot/vmlinuz-4.4.0-124-generic root=LABEL=cloudimg-rootfs ro console=tty1 console=ttyS0
[    0.000000] PID hash table entries: 4096 (order: 3, 32768 bytes)
[    0.000000] Memory: 1001612K/1048120K available (8532K kernel code, 1313K rwdata, 3996K rodata, 1508K init, 1316K bss, 46508K reserved, 0K cma-reserved)
[    0.000000] SLUB: HWalign=64, Order=0-3, MinObjects=0, CPUs=2, Nodes=1
[    0.000000] Kernel/User page tables isolation: enabled
[    0.000000] Hierarchical RCU implementation.
[    0.000000] 	Build-time adjustment of leaf fanout to 64.
[    0.000000] 	RCU restricting CPUs from NR_CPUS=512 to nr_cpu_ids=2.
[    0.000000] RCU: Adjusting geometry for rcu_fanout_leaf=64, nr_cpu_ids=2
[    0.000000] NR_IRQS:33024 nr_irqs:440 16
[    0.000000] Console: colour VGA+ 80x25
[    0.000000] console [tty1] enabled
[    0.000000] console [ttyS0] enabled
[    0.000000] tsc: Detected 3192.746 MHz processor
[    4.477804] Calibrating delay loop (skipped) preset value.. 6385.49 BogoMIPS (lpj=12770984)
[    4.479155] pid_max: default: 32768 minimum: 301
[    4.479869] ACPI: Core revision 20150930
[    4.481344] ACPI: 2 ACPI AML tables successfully acquired and loaded
[    4.509269] Security Framework initialized
[    4.617614] Yama: becoming mindful.
[    4.715470] AppArmor: AppArmor initialized
[    4.838756] Dentry cache hash table entries: 131072 (order: 8, 1048576 bytes)
[    5.046276] Inode-cache hash table entries: 65536 (order: 7, 524288 bytes)
[    5.211016] Mount-cache hash table entries: 2048 (order: 2, 16384 bytes)
[    5.411788] Mountpoint-cache hash table entries: 2048 (order: 2, 16384 bytes)
[    5.624148] Initializing cgroup subsys io
[    5.735437] Initializing cgroup subsys memory
[    5.863735] Initializing cgroup subsys devices
[    5.997232] Initializing cgroup subsys freezer
[    6.129238] Initializing cgroup subsys net_cls
[    6.246661] Initializing cgroup subsys perf_event
[    6.270105] Initializing cgroup subsys net_prio
[    6.270840] Initializing cgroup subsys hugetlb
[    6.271531] Initializing cgroup subsys pids
[    6.272272] CPU: Physical Processor ID: 0
[    6.274017] CPU: Processor Core ID: 0
[    6.274663] FEATURE SPEC_CTRL Not Present
[    6.275578] mce: CPU supports 0 MCE banks
[    6.276243] Last level iTLB entries: 4KB 512, 2MB 8, 4MB 8
[    6.277131] Last level dTLB entries: 4KB 512, 2MB 32, 4MB 32, 1GB 0
[    6.283283] Spectre V2 mitigation: Mitigation: Full generic retpoline
[    6.396450] Spectre V2 mitigation: Speculation control IBPB not-supported IBRS not-supported
[    6.649690] Freeing SMP alternatives memory: 32K
[    6.795429] ftrace: allocating 32202 entries in 126 pages
[    6.998656] smpboot: APIC(0) Converting physical 0 to logical package 0
[    7.193577] smpboot: Max logical packages: 1
[    7.312619] x2apic enabled
[    7.313363] Switched APIC routing to physical x2apic.
[    7.439777] ..TIMER: vector=0x30 apic1=0 pin1=2 apic2=-1 pin2=-1
[    7.665715] smpboot: CPU0: Intel(R) Core(TM) i5-3470 CPU @ 3.20GHz (family: 0x6, model: 0x3a, stepping: 0x9)
[    7.940410] Performance Events: unsupported p6 CPU model 58 no PMU driver, software events only.
[    8.194928] KVM setup paravirtual spinlock
[    8.315482] x86: Booting SMP configuration:
[    8.420818] .... node  #0, CPUs:      #1
[    8.421602] kvm-clock: cpu 1, msr 0:3ffe3041, secondary cpu clock
[    8.698158] mce: CPU supports 0 MCE banks
[    8.871472] x86: Booted up 1 node, 2 CPUs
[    8.988791] smpboot: Total of 2 processors activated (12770.98 BogoMIPS)
[    9.043905] devtmpfs: initialized
[    9.045966] evm: security.selinux
[    9.046548] evm: security.SMACK64
[    9.047133] evm: security.SMACK64EXEC
[    9.144886] evm: security.SMACK64TRANSMUTE
[    9.267289] evm: security.SMACK64MMAP
[    9.273217] evm: security.ima
[    9.303920] evm: security.capability
[    9.389837] clocksource: jiffies: mask: 0xffffffff max_cycles: 0xffffffff, max_idle_ns: 7645041785100000 ns
[    9.558191] futex hash table entries: 512 (order: 3, 32768 bytes)
[    9.730591] pinctrl core: initialized pinctrl subsystem
[    9.858800] RTC time: 13:21:07, date: 05/14/18
[    9.978703] NET: Registered protocol family 16
[   10.113978] cpuidle: using governor ladder
[   10.245660] cpuidle: using governor menu
[   10.363799] PCCT header not found.
[   10.464173] ACPI: bus type PCI registered
[   10.574463] acpiphp: ACPI Hot Plug PCI Controller Driver version: 0.5
[   10.682203] PCI: Using configuration type 1 for base access
[   10.694755] ACPI: Added _OSI(Module Device)
[   10.746228] ACPI: Added _OSI(Processor Device)
[   10.865816] ACPI: Added _OSI(3.0 _SCP Extensions)
[   10.989437] ACPI: Added _OSI(Processor Aggregator Device)
[   11.157405] ACPI: Executed 1 blocks of module-level executable AML code
[   11.350268] ACPI: Interpreter enabled
[   11.457315] ACPI: (supports S0 S5)
[   11.558482] ACPI: Using IOAPIC for interrupt routing
[   11.614926] PCI: Using host bridge windows from ACPI; if necessary, use "pci=nocrs" and report a bug
[   11.864851] ACPI: PCI Root Bridge [PCI0] (domain 0000 [bus 00-ff])
[   11.933728] acpi PNP0A03:00: _OSC: OS supports [ASPM ClockPM Segments MSI]
[   11.934771] acpi PNP0A03:00: _OSC: not requesting OS control; OS requires [ExtendedConfig ASPM ClockPM MSI]
[   11.936221] acpi PNP0A03:00: fail to add MMCONFIG information, can't access extended PCI configuration space under this bridge.
[   11.938086] PCI host bridge to bus 0000:00
[   11.938747] pci_bus 0000:00: root bus resource [io  0x0000-0x0cf7 window]
[   11.939702] pci_bus 0000:00: root bus resource [io  0x0d00-0xffff window]
[   11.940654] pci_bus 0000:00: root bus resource [mem 0x000a0000-0x000bffff window]
[   11.941875] pci_bus 0000:00: root bus resource [mem 0x40000000-0xffdfffff window]
[   12.086369] pci_bus 0000:00: root bus resource [bus 00-ff]
[   12.209217] pci 0000:00:01.1: legacy IDE quirk: reg 0x10: [io  0x01f0-0x01f7]
[   12.268687] pci 0000:00:01.1: legacy IDE quirk: reg 0x14: [io  0x03f6]
[   12.269618] pci 0000:00:01.1: legacy IDE quirk: reg 0x18: [io  0x0170-0x0177]
[   12.278655] pci 0000:00:01.1: legacy IDE quirk: reg 0x1c: [io  0x0376]
[   12.490776] pci 0000:00:07.0: quirk: [io  0x4000-0x403f] claimed by PIIX4 ACPI
[   12.648990] pci 0000:00:07.0: quirk: [io  0x4100-0x410f] claimed by PIIX4 SMB
[   12.657032] ACPI: PCI Interrupt Link [LNKA] (IRQs 5 9 10 *11)
[   12.688810] ACPI: PCI Interrupt Link [LNKB] (IRQs 5 9 10 *11)
[   12.690060] ACPI: PCI Interrupt Link [LNKC] (IRQs 5 9 *10 11)
[   12.691317] ACPI: PCI Interrupt Link [LNKD] (IRQs 5 *9 10 11)
[   12.818237] ACPI: Enabled 2 GPEs in block 00 to 07
[   12.865871] vgaarb: setting as boot device: PCI:0000:00:02.0
[   12.866722] vgaarb: device added: PCI:0000:00:02.0,decodes=io+mem,owns=io+mem,locks=none
[   12.869094] vgaarb: loaded
[   12.872412] vgaarb: bridge control possible 0000:00:02.0
[   12.874972] SCSI subsystem initialized
[   12.876803] ACPI: bus type USB registered
[   12.877491] usbcore: registered new interface driver usbfs
[   12.880800] usbcore: registered new interface driver hub
[   12.883832] usbcore: registered new device driver usb
[   12.995728] PCI: Using ACPI for IRQ routing
[   13.103912] NetLabel: Initializing
[   13.200139] NetLabel:  domain hash size = 128
[   13.315858] NetLabel:  protocols = UNLABELED CIPSOv4
[   13.461555] NetLabel:  unlabeled traffic allowed by default
[   13.616710] amd_nb: Cannot enumerate AMD northbridges
[   13.739941] clocksource: Switched to clocksource kvm-clock
[   13.753250] AppArmor: AppArmor Filesystem Enabled
[   13.863215] pnp: PnP ACPI init
[   13.933552] pnp: PnP ACPI: found 3 devices
[   14.061938] clocksource: acpi_pm: mask: 0xffffff max_cycles: 0xffffff, max_idle_ns: 2085701024 ns
[   14.323654] NET: Registered protocol family 2
[   14.447669] TCP established hash table entries: 8192 (order: 4, 65536 bytes)
[   14.653192] TCP bind hash table entries: 8192 (order: 5, 131072 bytes)
[   14.830189] TCP: Hash tables configured (established 8192 bind 8192)
[   15.009564] UDP hash table entries: 512 (order: 2, 16384 bytes)
[   15.071407] UDP-Lite hash table entries: 512 (order: 2, 16384 bytes)
[   15.072379] NET: Registered protocol family 1
[   15.073091] pci 0000:00:00.0: Limiting direct PCI/PCI transfers
[   15.073975] pci 0000:00:01.0: Activating ISA DMA hang workarounds
[   15.075020] Unpacking initramfs...
[   16.554282] Freeing initrd memory: 10912K
[   16.592405] RAPL PMU detected, API unit is 2^-32 Joules, 3 fixed counters 10737418240 ms ovfl timer
[   16.855416] hw unit of domain pp0-core 2^-0 Joules
[   16.938884] hw unit of domain package 2^-0 Joules
[   16.953498] hw unit of domain pp1-gpu 2^-0 Joules
[   16.954305] platform rtc_cmos: registered platform RTC device (no PNP device found)
[   16.957010] Scanning for low memory corruption every 60 seconds
[   16.958275] audit: initializing netlink subsys (disabled)
[   16.977390] audit: type=2000 audit(1526304066.438:1): initialized
[   16.981733] Initialise system trusted keyring
[   16.983065] HugeTLB registered 2 MB page size, pre-allocated 0 pages
[   16.985210] zbud: loaded
[   16.986047] VFS: Disk quotas dquot_6.6.0
[   16.986731] VFS: Dquot-cache hash table entries: 512 (order 0, 4096 bytes)
[   16.987949] squashfs: version 4.0 (2009/01/31) Phillip Lougher
[   16.992974] fuse init (API version 7.23)
[   16.996612] Key type big_key registered
[   17.000571] Allocating IMA MOK and blacklist keyrings.
[   17.002630] Key type asymmetric registered
[   17.025358] Asymmetric key parser 'x509' registered
[   17.094697] Block layer SCSI generic (bsg) driver version 0.4 loaded (major 249)
[   17.283139] io scheduler noop registered
[   17.283793] io scheduler deadline registered (default)
[   17.386736] io scheduler cfq registered
[   17.497679] pci_hotplug: PCI Hot Plug PCI Core version: 0.5
[   17.657305] pciehp: PCI Express Hot Plug Controller Driver version: 0.4
[   17.847963] ACPI: AC Adapter [AC] (on-line)
[   17.966424] tsc: Refined TSC clocksource calibration: 3194.289 MHz
[   18.140919] clocksource: tsc: mask: 0xffffffffffffffff max_cycles: 0x2e0b371b168, max_idle_ns: 440795361837 ns
[   18.141176] input: Power Button as /devices/LNXSYSTM:00/LNXPWRBN:00/input/input0
[   18.141178] ACPI: Power Button [PWRF]
[   18.141233] input: Sleep Button as /devices/LNXSYSTM:00/LNXSLPBN:00/input/input1
[   18.141234] ACPI: Sleep Button [SLPF]
[   18.141387] GHES: HEST is not nnabled!
[   18.436952] Serial: 8250/16550 driver, 32 ports, IRQ sharing enabled
[   18.675431] 00:02: ttyS0 at I/O 0x3f8 (irq = 4, base_baud = 115200) is a 16550A
[   18.764916] Linux agpgart interface v0.103
[   18.991542] loop: module loaded
[   18.992076] scsi host0: ata_piix
[   18.992164] scsi host1: ata_piix
[   18.992194] ata1: PATA max UDMA/33 cmd 0x1f0 ctl 0x3f6 bmdma 0xd000 irq 14
[   18.992195] ata2: PATA max UDMA/33 cmd 0x170 ctl 0x376 bmdma 0xd008 irq 15
[   18.992269] libphy: Fixed MDIO Bus: probed
[   18.992272] tun: Universal TUN/TAP device driver, 1.6
[   18.992272] tun: (C) 1999-2004 Max Krasnyansky <maxk@qualcomm.com>
[   18.992532] PPP generic driver version 2.4.2
[   18.992587] ehci_hcd: USB 2.0 'Enhanced' Host Controller (EHCI) Driver
[   18.992591] ehci-pci: EHCI PCI platform driver
[   18.992607] ehci-platform: EHCI generic platform driver
[   18.992616] ohci_hcd: USB 1.1 'Open' Host Controller (OHCI) Driver
[   18.992620] ohci-pci: OHCI PCI platform driver
[   18.992628] ohci-platform: OHCI generic platform driver
[   18.992635] uhci_hcd: USB Universal Host Controller Interface driver
[   18.992690] i8042: PNP: PS/2 Controller [PNP0303:PS2K,PNP0f03:PS2M] at 0x60,0x64 irq 1,12
[   19.049276] serio: i8042 KBD port at 0x60,0x64 irq 1
[   19.049283] serio: i8042 AUX port at 0x60,0x64 irq 12
[   19.049436] mousedev: PS/2 mouse device common for all mice
[   19.049729] rtc_cmos rtc_cmos: rtc core: registered rtc_cmos as rtc0
[   19.049779] rtc_cmos rtc_cmos: alarms up to one day, 114 bytes nvram
[   19.049787] i2c /dev entries driver
[   19.049844] device-mapper: uevent: version 1.0.3
[   19.049897] device-mapper: ioctl: 4.34.0-ioctl (2015-10-28) initialised: dm-devel@redhat.com
[   19.049912] ledtrig-cpu: registered to indicate activity on CPUs
[   19.050194] NET: Registered protocol family 10
[   19.050342] NET: Registered protocol family 17
[   19.050351] Key type dns_resolver registered
[   19.050591] registered taskstats version 1
[   19.050606] Loading compiled-in X.509 certificates
[   19.051240] Loaded X.509 cert 'Build time autogenerated kernel key: 97a7db5071cab428e7f67f96f51ed8d32b3fc527'
[   19.051258] zswap: loaded using pool lzo/zbud
[   19.053212] Key type trusted registered
[   19.056230] Key type encrypted registered
[   19.056235] AppArmor: AppArmor sha1 policy hashing enabled
[   19.056238] ima: No TPM chip found, activating TPM-bypass!
[   19.056256] evm: HMAC attrs: 0x1
[   19.056458]   Magic number: 2:247:382
[   19.329526] rtc_cmos rtc_cmos: setting system clock to 2018-05-14 13:21:16 UTC (1526304076)
[   19.329689] BIOS EDD facility v0.16 2004-Jun-25, 0 devices found
[   19.329690] EDD information not available.
[   20.117459] input: AT Translated Set 2 keyboard as /devices/platform/i8042/serio0/input/input2
[   22.999699] Freeing unused kernel memory: 1508K
[   23.342560] Write protecting the kernel read-only data: 14336k
[   23.343844] Freeing unused kernel memory: 1696K
[   23.722855] Freeing unused kernel memory: 100K
Loading, please [   24.207010] random: systemd-udevd: uninitialized urandom read (16 bytes read, 6 bits of entropy available)
wait...
startin[   24.207751] random: udevadm: uninitialized urandom read (16 bytes read, 6 bits of entropy available)
g version 229
[   24.207774] random: udevadm: uninitialized urandom read (16 bytes read, 6 bits of entropy available)
[   24.217734] random: udevadm: uninitialized urandom read (16 bytes read, 6 bits of entropy available)
[   24.217774] random: udevadm: uninitialized urandom read (16 bytes read, 6 bits of entropy available)
[   24.217907] random: udevadm: uninitialized urandom read (16 bytes read, 6 bits of entropy available)
[   24.217959] random: udevadm: uninitialized urandom read (16 bytes read, 6 bits of entropy available)
[   24.218011] random: udevadm: uninitialized urandom read (16 bytes read, 6 bits of entropy available)
[   24.218063] random: udevadm: uninitialized urandom read (16 bytes read, 6 bits of entropy available)
[   24.218113] random: udevadm: uninitialized urandom read (16 bytes read, 6 bits of entropy available)
[   26.557917] e1000: Intel(R) PRO/1000 Network Driver - version 7.3.21-k8-NAPI
[   26.868734] e1000: Copyright (c) 1999-2006 Intel Corporation.
[   27.129438] Fusion MPT base driver 3.04.20
[   27.377015] Copyright (c) 1999-2008 LSI Corporation
[   27.626449] AVX version of gcm_enc/dec engaged.
[   27.816929] AES CTR mode by8 optimization enabled
[   28.014376] input: ImExPS/2 Generic Explorer Mouse as /devices/platform/i8042/serio1/input/input4
[   28.413141] Fusion MPT SPI Host driver 3.04.20
[   28.760319] e1000 0000:00:03.0 eth0: (PCI:33MHz:32-bit) 02:ee:24:bb:8a:f6
[   28.960975] e1000 0000:00:03.0 eth0: Intel(R) PRO/1000 Network Connection
[   29.137781] e1000 0000:00:03.0 enp0s3: renamed from eth0
[   29.142647] mptbase: ioc0: Initiating bringup
[   29.204364] ioc0: LSI53C1030 A0: Capabilities={Initiator}
[   29.879827] scsi host2: ioc0: LSI53C1030 A0, FwRev=00000000h, Ports=1, MaxQ=256, IRQ=20
[   30.788462] scsi 2:0:0:0: Direct-Access     VBOX     HARDDISK         1.0  PQ: 0 ANSI: 5
[   31.463152] scsi target2:0:0: Beginning Domain Validation
[   31.914649] scsi target2:0:0: Domain Validation skipping write tests
[   32.402725] scsi target2:0:0: Ending Domain Validation
[   32.842929] scsi target2:0:0: asynchronous
[   33.123671] scsi 2:0:1:0: Direct-Access     VBOX     HARDDISK         1.0  PQ: 0 ANSI: 5
[   33.720941] scsi target2:0:1: Beginning Domain Validation
[   33.845214] scsi target2:0:1: Domain Validation skipping write tests
[   34.272728] scsi target2:0:1: Ending Domain Validation
[   34.445725] scsi target2:0:1: asynchronous
[   34.453460] sd 2:0:0:0: [sda] 20971520 512-byte logical blocks: (10.7 GB/10.0 GiB)
[   35.112993] sd 2:0:0:0: Attached scsi generic sg0 type 0
[   35.116937] sd 2:0:0:0: [sda] Write Protect is off
[   35.117117] sd 2:0:0:0: [sda] Incomplete mode parameter data
[   35.117118] sd 2:0:0:0: [sda] Assuming drive cache: write through
[   35.519197]  sda: sda1
[   35.520197] sd 2:0:0:0: [sda] Attached SCSI disk
[   35.531751] sd 2:0:1:0: Attached scsi generic sg1 type 0
[   35.531771] sd 2:0:1:0: [sdb] 20480 512-byte logical blocks: (10.5 MB/10.0 MiB)
[   35.531949] sd 2:0:1:0: [sdb] Write Protect is off
[   35.532051] sd 2:0:1:0: [sdb] Incomplete mode parameter data
[   35.532052] sd 2:0:1:0: [sdb] Assuming drive cache: write through
[   35.549676] sd 2:0:1:0: [sdb] Attached SCSI disk
Begin: Loading e[   39.240411] md: linear personality registered for level -1
ssential drivers[   39.359158] md: multipath personality registered for level -4
 ... [   39.501537] md: raid0 personality registered for level 0
[   39.667071] md: raid1 personality registered for level 1
[   39.832421] raid6: sse2x1   gen()  9375 MB/s
[   40.172422] raid6: sse2x1   xor()  8361 MB/s
[   40.524418] raid6: sse2x2   gen() 11480 MB/s
[   40.912447] raid6: sse2x2   xor()  9120 MB/s
[   41.182450] raid6: sse2x4   gen() 14113 MB/s
[   41.416748] raid6: sse2x4   xor() 10198 MB/s
[   41.732604] raid6: using algorithm sse2x4 gen() 14113 MB/s
[   42.312810] raid6: .... xor() 10198 MB/s, rmw enabled
[   42.603189] raid6: using ssse3x2 recovery algorithm
[   42.605591] xor: automatically using best checksumming function:
[   42.675968]    avx       : 18651.000 MB/sec
[   42.791024] async_tx: api initialized (async)
[   42.941541] md: raid6 personality registered for level 6
[   43.132947] md: raid5 personality registered for level 5
[   43.612914] md: raid4 personality registered for level 4
[   44.138635] md: raid10 personality registered for level 10
done.
Begin: Running /scripts/i[   44.460245] Btrfs loaded
nit-premount ... done.
Begin: Mounting root file system ... Begin: Running /scr[   44.747802] EXT4-fs (sda1): mounted filesystem with ordered data mode. Opts: (null)
ipts/local-top ... done.
Begin: Running /scripts/local-premount ... Scanning for Btrfs filesystems
done.
Warning: fsck not present, so skipping root file system
done.
Begin: Running /scripts/local-bottom ... done.
Begin: Running /scripts/init-bottom ... done.
[   45.384735] systemd[1]: systemd 229 running in system mode. (+PAM +AUDIT +SELINUX +IMA +APPARMOR +SMACK +SYSVINIT +UTMP +LIBCRYPTSETUP +GCRYPT +GNUTLS +ACL +XZ -LZ4 +SECCOMP +BLKID +ELFUTILS +KMOD -IDN)
[   45.758522] systemd[1]: Detected virtualization oracle.
[   45.849732] systemd[1]: Detected architecture x86-64.

Welcome to [1mUbuntu 16.04.4 LTS[0m!

[   46.017941] systemd[1]: Set hostname to <ubuntu>.
[   46.171129] systemd[1]: Initializing machine ID from random generator.
[   46.362164] systemd[1]: Installed transient /etc/machine-id file.
[   46.561384] random: nonblocking pool is initialized
[   47.263792] systemd[1]: Listening on LVM2 poll daemon socket.
[[0;32m  OK  [0m] Listening on LVM2 poll daemon socket.
[   47.436311] systemd[1]: Listening on /dev/initctl Compatibility Named Pipe.
[[0;32m  OK  [0m] Listening on /dev/initctl Compatibility Named Pipe.
[   47.704323] systemd[1]: Listening on udev Control Socket.
[[0;32m  OK  [0m] Listening on udev Control Socket.
[   47.884951] systemd[1]: Created slice User and Session Slice.
[[0;32m  OK  [0m] Created slice User and Session Slice.
[   47.976411] systemd[1]: Listening on Journal Socket.
[[0;32m  OK  [0m] Listening on Journal Socket.
[   47.996417] systemd[1]: Started Trigger resolvconf update for networkd DNS.
[[0;32m  OK  [0m] Started Trigger resolvconf update for networkd DNS.
[   48.208684] systemd[1]: Created slice System Slice.
[[0;32m  OK  [0m] Created slice System Slice.
[   48.332304] systemd[1]: Reached target Slices.
[[0;32m  OK  [0m] Reached target Slices.
[   48.516368] systemd[1]: Starting Create list of required static device nodes for the current kernel...
         Starting Create list of required st... nodes for the current kernel...
[   48.880358] systemd[1]: Starting Uncomplicated firewall...
         Starting Uncomplicated firewall...
[   49.047467] systemd[1]: Set up automount Arbitrary Executable File Formats File System Automount Point.
[[0;32m  OK  [0m] Set up automount Arbitrary Executab...ats File System Automount Point.
[   49.164248] systemd[1]: Mounting POSIX Message Queue File System...
         Mounting POSIX Message Queue File System...
[   49.400377] systemd[1]: Listening on Device-mapper event daemon FIFOs.
[[0;32m  OK  [0m] Listening on Device-mapper event daemon FIFOs.
[   49.500231] systemd[1]: Reached target System Time Synchronized.
[[0;32m  OK  [0m] Reached target System Time Synchronized.
[   49.648194] systemd[1]: Started Forward Password Requests to Wall Directory Watch.
[[0;32m  OK  [0m] Started Forward Password Requests to Wall Directory Watch.
[   49.916858] systemd[1]: Created slice system-serial\x2dgetty.slice.
[[0;32m  OK  [0m] Created slice system-serial\x2dgetty.slice.
[   50.116380] systemd[1]: Listening on LVM2 metadata daemon socket.
[[0;32m  OK  [0m] Listening on LVM2 metadata daemon socket.
[   50.344291] systemd[1]: Starting Monitoring of LVM2 mirrors, snapshots etc. using dmeventd or progress polling...
         Starting Monitoring of LVM2 mirrors... dmeventd or progress polling...
[   50.712358] systemd[1]: Listening on udev Kernel Socket.
[[0;32m  OK  [0m] Listening on udev Kernel Socket.
[   50.924361] systemd[1]: Starting Remount Root and Kernel File Systems...
         [   51.124779] EXT4-fs (sda1): re-mounted. Opts: (null)
Starting Remount Root and Kernel File Systems...
[   51.144285] systemd[1]: Starting Set console keymap...
         Starting Set console keymap...
[   51.356262] systemd[1]: Mounting Debug File System...
         Mounting Debug File System...
[   51.528330] systemd[1]: Reached target User and Group Name Lookups.
[[0;32m  OK  [0m] Reached target User and Group Name Lookups.
[   51.744308] systemd[1]: Listening on Journal Socket (/dev/log).
[[0;32m  OK  [0m] Listening on Journal Socket (/dev/log).
[   51.952367] systemd[1]: Listening on Journal Audit Socket.
[[0;32m  OK  [0m] Listening on Journal Audit Socket.
[   52.052217] systemd[1]: Reached target Encrypted Volumes.
[[0;32m  OK  [0m] Reached target Encrypted Volumes.
[   52.208041] systemd[1]: Mounting Huge Pages File System...
         Mounting Huge Pages File System...
[   52.252202] systemd[1]: Starting Nameserver information manager...
         Starting Nameserver information manager...
[   52.448323] systemd[1]: Listening on Syslog Socket.
[[0;32m  OK  [0m] Listening on Syslog Socket.
[   52.648610] systemd[1]: Starting Journal Service...
         Starting Journal Service...
[   52.732254] systemd[1]: Reached target Swap.
[[0;32m  OK  [0m] Reached target Swap.
[   52.916423] systemd[1]: Starting Load Kernel Modules...
         Starting Load Kernel Modules...[   53.103108] Loading iSCSI transport class v2.0-870.

[   53.429383] systemd[1]: Mounted POSIX Message Queue File System.
[[0;32m  OK  [0m] Mounted POSIX Message Queue File System.
[   53.556467] systemd[1]: Mounted Debug File System.
[[0;32m  OK  [[   53.558447] iscsi: registered transport (tcp)
0m] Mounted Debug File System.
[   54.088296] systemd[1]: Mounted Huge Pages File System.
[[0;32m  OK  [0m] Mounted Huge [   54.569139] iscsi: registered transport (iser)
Pages File System.
[   55.083268] systemd[1]: Started Journal Service.
[[0;32m  OK  [0m] Started Journal Service.
[[0;32m  OK  [0m] Started Create list of required sta...ce nodes for the current kernel.
[[0;32m  OK  [0m] Started Uncomplicated firewall.
[[0;32m  OK  [0m] Started Remount Root and Kernel File Systems.
[[0;32m  OK  [0m] Started Set console keymap.
[[0;32m  OK  [0m] Started Load Kernel Modules.
[[0;32m  OK  [0m] Started Nameserver information manager.
[[0;32m  OK  [0m] Started LVM2 metadata daemon.
         Starting Apply Kernel Variables...
         Mounting FUSE Control File System...
         Starting udev Coldplug all Devices...
         Starting Initial cloud-init job (pre-networking)...
         Starting Load/Save Random Seed...
         Starting Create Static Device Nodes in /dev...
         Starting Flush Journal to Persistent Storage...
[[0;32m  OK  [0m] Mounted FUSE Control File System.
[[0;32m  OK  [0m] Started Apply Kernel Variables.
[[0;32m  OK  [0m] Started Load/Save Random Seed.
[[0;32m  OK  [0m] Started Create Static Device Nodes in /dev.
[[0;32m  OK  [0m] Started udev Coldplug all Devices.
[[0;32m  OK  [0m] Started Monitoring of LVM2 mirrors,...ng dmeventd or progress polling.
         Starting udev Kernel Device Manager...
[[0;32m  OK  [0m] Started Flush Journal to Persistent Storage.
[[0;32m  OK  [0m] Started udev Kernel Device Manager.
[[0;32m  OK  [0m] Started Dispatch Password Requests to Console Directory Watch.
[[0;32m  OK  [0m] Reached target Local File Systems (Pre).
[[0;32m  OK  [0m] Reached target Local File Systems.
         Starting LSB: AppArmor initialization...
         Starting Commit a transient machine-id on disk...
         Starting Set console font and keymap...
         Starting Tell Plymouth To Write Out Runtime Data...
         Starting Create Volatile Files and Directories...
[[0;32m  OK  [0m] Started Commit a transient machine-id on disk.
[[0;32m  OK  [0m] Started Tell Plymouth To Write Out Runtime Data.
[[0;32m  OK  [0m] Started Create Volatile Files and Directories.
[[0;32m  OK  [0m] Found device /dev/ttyS0.
[[0;32m  OK  [0m] Listening on Load/Save RF Kill Switch Status /dev/rfkill Watch.
         Starting Update UTMP about System Boot/Shutdown...
[[0;32m  OK  [0m] Started Update UTMP about System Boot/Shutdown.
[[0;32m  OK  [0m] Started LSB: AppArmor initialization.
[[0;32m  OK  [0m] Started Set console font and keymap.
[   46.372294] cloud-init[447]: Cloud-init v. 18.2 running 'init-local' at Mon, 14 May 2018 13:21:56 +0000. Up 46.04 seconds.
[[0;32m  OK  [0m] Started Initial cloud-init job (pre-networking).
[[0;32m  OK  [0m] Reached target Network (Pre).
         Starting Raise network interfaces...
[[0;32m  OK  [0m] Created slice system-getty.slice.
[[0;32m  OK  [0m] Started Raise network interfaces.
[[0;32m  OK  [0m] Reached target Network.
         Starting Initial cloud-init job (metadata service crawler)...
[   48.719023] cloud-init[924]: Cloud-init v. 18.2 running 'init' at Mon, 14 May 2018 13:21:57 +0000. Up 47.31 seconds.
[   48.796742] [cloud-init[0;32m  OK  [0m[924]: ] ci-info: +++++++++++++++++++++++++++++++++++++Net device info++++++++++++++++++++++++++++++++++++++Started Initial cloud-init job (metadata service crawler).

[   48.797317] cloud-init[924]: ci-info: +--------+------+----------------------------+---------------+-------+-------------------+
[   49.076296] [cloud-init[0;32m  OK  [0m[924]: ] ci-info: | Device |  Up  |          Address           |      Mask     | Scope |     Hw-Address    |Reached target System Initialization.

[[0;32m  OK  [0m] Listening on UUID daemon activation socket.
[   49.076649] cloud-init[924]: ci-info: +--------+------+----------------------------+---------------+-------+-------------------+
[   49.412446]          cloud-initStarting Socket activation for snappy daemon.[924]: 
ci-info: | enp0s3 | True |         10.0.2.15          | 255.255.255.0 |   .   | 02:ee:24:bb:8a:f6 |
[   49.564532] [cloud-init[0;32m  OK  [0m[924]: ] ci-info: | enp0s3 | True | fe80::ee:24ff:febb:8af6/64 |       .       |  link | 02:ee:24:bb:8a:f6 |Started Daily Cleanup of Temporary Directories.

[   49.565256] cloud-init[924]: ci-info: |   lo   | True |         127.0.0.1          |   255.0.0.0   |   .   |         .         |
[   49.816755]          cloud-initStarting LXD - unix socket.[924]: 
ci-info: |   lo   | True |          ::1/128           |       .       |  host |         .         |
[   49.948568] [cloud-init[0;32m  OK  [0m[924]: ] ci-info: +--------+------+----------------------------+---------------+-------+-------------------+Started ACPI Events Check.

[[0;32m  OK  [0m] Reached target Paths.
[   49.949318] cloud-init[924]: ci-info: +++++++++++++++++++++++++++Route IPv4 info++++++++++++++++++++++++++++
[   50.228554] [cloud-init[0;32m  OK  [0m[924]: ] ci-info: +-------+-------------+----------+---------------+-----------+-------+Started Daily apt download activities.

[[0;32m  OK  [0m] Started Daily apt upgrade and clean activities.
[[0;32m  OK  [0m] Reached target Timers.
[   50.229262] cloud-init[924]: ci-info: | Route | Destination | Gateway  |    Genmask    | Interface | Flags |
[   50.564495] [cloud-init[0;32m  OK  [0m[924]: ] ci-info: +-------+-------------+----------+---------------+-----------+-------+Listening on D-Bus System Message Bus Socket.

[[0;32m  OK  [0m] Listening on ACPID Listen Socket.
[[0;32m  OK  [0m] Reached target Cloud-config availability.
[   50.565238] cloud-init[924]: ci-info: |   0   |   0.0.0.0   | 10.0.2.2 |    0.0.0.0    |   enp0s3  |   UG  |
[   50.916479] [cloud-init[0;32m  OK  [0m[924]: ] ci-info: |   1   |   10.0.2.0  | 0.0.0.0  | 255.255.255.0 |   enp0s3  |   U   |Reached target Network is Online.

[   50.917229] cloud-init[924]: ci-info: +-------+-------------+----------+---------------+-----------+-------+
         Starting iSCSI initiator daemon (iscsid)...
[   51.157282] cloud-init[924]: Generating public/private rsa key pair.
[   51.276181] [cloud-init[0;32m  OK  [0m[924]: ] Your identification has been saved in /etc/ssh/ssh_host_rsa_key.Listening on Socket activation for snappy daemon.

[   51.276500] [cloud-init[0;32m  OK  [0m[924]: ] Your public key has been saved in /etc/ssh/ssh_host_rsa_key.pub.Listening on LXD - unix socket.

[   51.424322] [cloud-init[0;32m  OK  [0m[924]: ] The key fingerprint is:Reached target Sockets.

[[0;32m  OK  [0m] Reached target Basic System.
[   51.424728] cloud-init[924]: SHA256:DFyT16rgxnrQdcaD2K8wSxTWYnA94HSdPYuaA5PEN7w root@ubuntu-xenial
[   51.506766]          Starting Virtualbox guest utils...
cloud-init[924]: The key's randomart image is:
[   51.531228]          Starting Accounts Service...
cloud-init[924]: +---[RSA 2048]----+
[   51.556497] cloud-init[924]: |    .o+=+o +     |
[[0;32m  OK  [0m] Started FUSE filesystem for LXC.
[   51.556869] cloud-init[924]: |     =BoO.+ +    |
[   51.662964] [cloud-init[0;32m  OK  [0m[924]: ] |     ++B B o o   |Started Regular background program processing daemon.

[   51.663339] cloud-init[924]: |      BoE B .    |
[   51.675997]          cloud-initStarting LXD - container startup/shutdown...[924]: 
|     = =SB .     |
[   51.728538]          cloud-initStarting Login Service...[924]: 
|    . O = .      |
[   51.792624] [cloud-init[0;32m  OK  [0m[924]: ] |     = + o       |Started ACPI event daemon.

[   51.793352] cloud-init[924]: |    . o .        |
[   51.900574]          cloud-initStarting Apply the settings specified in cloud-config...[924]: 
|     .           |
[   51.947655]          cloud-initStarting Pollinate to seed the pseudo random number generator...[924]: 
+----[SHA256]-----+
[   52.013027] [cloud-init[0;32m  OK  [0m[924]: ] Generating public/private dsa key pair.Started D-Bus System Message Bus.

[   52.013357] cloud-init[924]: Your identification has been saved in /etc/ssh/ssh_host_dsa_key.
[   52.132258] cloud-init[924]: Your public key has been saved in /etc/ssh/ssh_host_dsa_key.pub.
[   52.226993]          cloud-initStarting Snappy daemon...[924]: 
The key fingerprint is:
[   52.233432] cloud-init[924]: SHA256:xGPBth22fWs0f2SeDmOZFfP276wnRFbUSHQ8GoJ92Qs root@ubuntu-xenial
         Starting LSB: Record successful boot for GRUB...
[   52.332717] cloud-init[924]: The key's randomart image is:
[   52.378281] cloud-init[924]: +---[DSA 1024]----+
         Starting LSB: MD monitoring daemon...
[   52.379802] cloud-init[924]: |       .. o  o=++|[[0;32m  OK  [0m] Started Deferred execution scheduler.

[   52.382618]          Starting /etc/rc.local Compatibility...
cloud-init[924]: |       .oooo E.*+|
[   52.437098]          Starting System Logging Service...
[[0;32m  OK  [0m] Started Unattended Upgrades Shutdown.
cloud-init[924]: |       .=+ +o +.*|
[   52.524276] cloud-init[924]: |       o..o ..*o=|
[   52.557695] [cloud-init[0;32m  OK  [0m[924]: ] |        S    =+Oo|Started iSCSI initiator daemon (iscsid).

[   52.558009] cloud-init[924]: |             *+.=|
[   52.609908] [cloud-init[0;32m  OK  [0m[924]: ] |            .o+ o|Started LXD - container startup/shutdown.

[   52.613816] [[0;32m  OK  [0m] Started /etc/rc.local Compatibility.
cloud-init[924]: |              .oo|
[   52.664262] cloud-init[924]: |              .=o|
[   52.720366] [cloud-init[0;32m  OK  [0m[924]: ] +----[SHA256]-----+Started Login Service.

[   52.720746] cloud-init[924]: Generating public/private ecdsa key pair.
[   52.747487] cloud-init[924]: Your identification has been saved in /etc/ssh/ssh_host_ecdsa_key.
         Starting Authenticate and Authorize Users to Run Privileged Tasks...
[   52.806817] cloud-init[924]: Your public key has been saved in /etc/ssh/ssh_host_ecdsa_key.pub.
[   52.904304] cloud-init[924]: The key fingerprint is:
[   52.904618] cloud-init[924]: SHA256:Kdr5mBusMOhMtpaHZ0RRx8Rk4cVPSvd7+v9/4TgjPHc root@ubuntu-xenial
         Starting Login to default iSCSI targets...
[   52.904728] cloud-init[924]: The key's randomart image is:
[   53.072268] cloud-init[924]: +---[ECDSA 256]---+
[   53.072467] cloud-init[924]: |    ..=*o.       |
[[0;32m  OK  [0m] Started System Logging Service.
[   53.072586] cloud-init[924]: |   .  +o.o o     |
[   53.099948] cloud-init[924]: |    .  .. = .    |
[   53.100236] cloud-init[924]: |   .     o . .   |
[   53.100343] cloud-init[924]: |  .   . S     .  |
[   53.100449] cloud-init[924]: | . . + o     . o |
[   53.100562] cloud-init[924]: |.o* . =   .   = .|
[   53.100670] cloud-init[924]: |=+.* . =   + * E.|
[   53.100782] cloud-init[924]: |.++ . +..   + =.O|
[   53.100890] cloud-init[924]: +----[SHA256]-----+
[   53.101000] cloud-init[924]: Generating public/private ed25519 key pair.
[   53.101113] cloud-init[924]: Your identification has been saved in /etc/ssh/ssh_host_ed25519_key.
[   53.101221] cloud-init[924]: Your public key has been saved in /etc/ssh/ssh_host_ed25519_key.pub.
[   53.101333] cloud-init[924]: The key fingerprint is:
[   53.101440] cloud-init[924]: SHA256:pLQ3OA4QiUeGsEAWtT/zE5F9K2D5rY+gmjD4eG9TqZ4 root@ubuntu-xenial
[   53.101554] cloud-init[924]: The key's randomart image is:
[   53.101659] cloud-init[924]: +--[ED25519 256]--+
[   53.101768] cloud-init[924]: |=B*o             |
[   53.101878] cloud-init[924]: |=oo..   +        |
[   53.101989] cloud-init[924]: |....  .*.. .     |
[   53.102100] cloud-init[924]: |   ....=+ o .    |
[[0;32m  OK  [0m] Started LSB: Record successful boot for GRUB.
[   53.102208] cloud-init[924]: |    .+=oSo o     |
[   53.471160] cloud-init[924]: |.    o*o..o      |
[   53.471359] cloud-init[924]: |.o   o.+ .       |
[[0;32m  OK  [0m] Started Virtualbox guest utils.
[[0;32m  OK  [0m] Started LSB: MD monitoring daemon.
[[0;32m  OK  [0m] Started Snappy daemon.
[[0;32m  OK  [0m] Started Authenticate and Authorize Users to Run Privileged Tasks.
[[0;32m  OK  [0m] Started Accounts Service.
[   53.471441] cloud-init[924]: | o+ =.. o o      |
[   53.704780] cloud-init[924]: |...*Eo   . .     |
[   53.744502] cloud-init[924]: +----[SHA256]-----+
[[0;32m  OK  [0m] Started Login to default iSCSI targets.
[[0;32m  OK  [0m] Reached target Remote File Systems (Pre).
[[0;32m  OK  [0m] Reached target Remote File Systems.
[   53.805697] cloud-init[1045]: Generating locales (this might take a while)...
         Starting LSB: daemon to balance interrupts for SMP systems...
         Starting LSB: automatic crash report generation...
[   54.032218] cloud-init[1045]:   en_US.UTF-8... done
         Starting Permit User Sessions...
[   54.089905] cloud-init[1045]: Generation complete.
         Starting LSB: Set the CPU Frequency Scaling governor to "ondemand"...
[[0;32m  OK  [0m] Started Permit User Sessions.
         Starting Terminate Plymouth Boot Screen...
         Starting Hold until boot process finishes up...
[[0;32m  OK  [0m] Started LSB: daemon to balance interrupts for SMP systems.
[[0;32m  OK  [0m] Started LSB: automatic crash report generation.
[[0;32m  OK  [0m] Started LSB: Set the CPU Frequency Scaling governor to "ondemand".
[[0;32m  OK  [0m] Started Terminate Plymouth Boot Screen.
[[0;32m  OK  [0m] Started Hold until boot process finishes up.
[   54.698583] cloud-init[1045]: Cloud-init v. 18.2 running 'modules:config' at Mon, 14 May 2018 13:22:02 +0000. Up 52.12 seconds.
[[0;32m  OK  [0m] Started Serial Getty on ttyS0.
[[0;32m  OK  [0m] Started Getty on tty1.
[[0;32m  OK  [0m] Reached target Login Prompts.
         Starting Set console scheme...
[[0;32m  OK  [0m] Started Apply the settings specified in cloud-config.
[[0;32m  OK  [0m] Started Set console scheme.
ci-info: no authorized ssh keys fingerprints found for user ubuntu.
<14>May 14 13:22:10 ec2: 
<14>May 14 13:22:10 ec2: #############################################################
<14>May 14 13:22:10 ec2: -----BEGIN SSH HOST KEY FINGERPRINTS-----
<14>May 14 13:22:10 ec2: 1024 SHA256:xGPBth22fWs0f2SeDmOZFfP276wnRFbUSHQ8GoJ92Qs root@ubuntu-xenial (DSA)
<14>May 14 13:22:10 ec2: 256 SHA256:Kdr5mBusMOhMtpaHZ0RRx8Rk4cVPSvd7+v9/4TgjPHc root@ubuntu-xenial (ECDSA)
<14>May 14 13:22:10 ec2: 256 SHA256:pLQ3OA4QiUeGsEAWtT/zE5F9K2D5rY+gmjD4eG9TqZ4 root@ubuntu-xenial (ED25519)
<14>May 14 13:22:10 ec2: 2048 SHA256:DFyT16rgxnrQdcaD2K8wSxTWYnA94HSdPYuaA5PEN7w root@ubuntu-xenial (RSA)
<14>May 14 13:22:10 ec2: -----END SSH HOST KEY FINGERPRINTS-----
<14>May 14 13:22:10 ec2: #############################################################
-----BEGIN SSH HOST KEY KEYS-----
ecdsa-sha2-nistp256 AAAAE2VjZHNhLXNoYTItbmlzdHAyNTYAAAAIbmlzdHAyNTYAAABBBORtPGhLYSibQYvOj2hrSmMNoMNrOuqUruritIO9YYuEdGBcyWzh3Ch7XkjpwuxJ4OtAXYheBs94H3Hlb1hrv98= root@ubuntu-xenial
ssh-ed25519 AAAAC3NzaC1lZDI1NTE5AAAAIDTsQw6MNxJwye7zugCvvHSU1QWGKb0JDinWLM5YLQoj root@ubuntu-xenial
ssh-rsa AAAAB3NzaC1yc2EAAAADAQABAAABAQC+uA6L/D/Mk8rDKhUKYQrTse7KvL5Mfe/rog0Y3RwWIKeFu2gRizMy07ngw+ON3Q+IF0IP4Q6uGc6uXt10gpLhIzxE+shqWlVInySBXxRINku2gmWq59dRNCEsJt+HpkrGHWcDCIm+4sBfJfWE4X6R9LvsP/horUYXD5P6Ns1JGL9aeFyLPHhBw68QIaO9T9/Dv4p03A8H5MKFF317s+Tur/qC62Iy+cHyIsV/FEOXmDnwmoNxrQUTmIJIBpDm8msF1/rufh3qxhOUKSZbD7ZWQH2KZIDhINArMNQjlAL6yDC3loP+9XsS8oa+AJeEZeV9LNYJnzCRtsfGvw/BnoKD root@ubuntu-xenial
-----END SSH HOST KEY KEYS-----
[   60.407132] cloud-init[1281]: Cloud-init v. 18.2 running 'modules:final' at Mon, 14 May 2018 13:22:10 +0000. Up 60.17 seconds.
[   60.407340] cloud-init[1281]: ci-info: no authorized ssh keys fingerprints found for user ubuntu.
[   60.407468] cloud-init[1281]: Cloud-init v. 18.2 finished at Mon, 14 May 2018 13:22:10 +0000. Datasource DataSourceNoCloud [seed=/dev/sdb][dsmode=net].  Up 60.39 seconds

Ubuntu 16.04.4 LTS ubuntu-xenial ttyS0

ubuntu-xenial login: 